34
1 3 1 5 4 10 4 5 2 2 7 7 8 3 4 4 7 6 7 8 8 3 2 5 2 3 10 8 9 9 6 1 1 5 1