46
1 2 1 1 10 9 10 12 11 13 15 16 14 13 14 12 11 9 7 5 6 8 7 8 10 10 20 19 20 18 16 15 17 18 17 19 20 20 1 2 4 3 5 6 4 3 1