135
1 40 39 20 20 9 8 8 3 9 29 30 28 11 3 25 21 2 19 10 10 9 9 13 35 36 12 13 31 34 35 40 32 33 34 2 32 31 19 18 18 17 16 17 11 25 18 6 6 8 4 3 14 13 29 28 27 4 4 5 38 22 15 15 13 16 21 37 36 36 4 33 24 23 23 11 10 32 35 14 14 15 16 16 15 10 40 31 30 1 2 11 12 25 26 27 26 28 35 36 18 25 24 22 23 22 21 19 37 38 38 30 19 20 21 20 34 34 32 23 2 3 6 7 8 30 31 40 38 39 28 22 14 6 5 1