44 10
1 3
1 3
127 9
275 10
20 6
3 3
3 3
1 1
1 1
1 1
1 1
36 6
299 9
3 2
206 8
413 9
28 5
113 7
937 10
