50
4 6 7 9 10 11 14 15 17 18 28 29 32 33 34 35 40 41 43 45 46 47 48 49 50 51 54 57 59 63 64 65 67 68 70 74 76 77 79 80 81 82 84 89 91 94 96 98 99 100
