194
6 8 9 13 14 15 19 23 25 31 33 34 35 39 41 42 43 46 47 52 55 56 57 58 59 62 63 65 74 78 80 86 87 89 90 91 93 96 99 101 102 106 107 108 110 112 114 116 117 118 119 121 122 124 125 126 127 129 130 131 133 134 136 137 139 140 142 143 145 146 147 148 154 158 160 166 168 169 171 173 177 178 181 183 184 186 189 191 193 194 195 196 198 200 206 207 208 209 212 215 218 219 220 224 225 227 238 239 240 245 247 251 252 254 256 257 259 262 263 264 265 266 267 275 276 279 280 282 290 291 298 299 301 303 307 310 311 316 318 319 320 321 324 326 328 330 331 332 334 336 338 339 343 344 345 346 347 348 350 351 354 355 356 358 359 362 363 367 368 369 370 372 373 374 375 377 378 379 380 381 383 386 388 389 390 391 392 393 394 395 396 397 398 400
