28512004421924568737948181614811979515249303720506536307179246320531598455270915225499399507037652872704892097774178503485320542691337052296273882832640448861714366756444081093107681734919471245466476524922056057047583006501726719841269360977829202250101727241082229166319407074719200141826925
