6365012022352392883148955923130986781380062091585602581723203847515729864967462871799543542574457867994757686347090411984777768863526001671669449385773178276021197927399923200450438326236891
