12730024044704785766297911846261973562760124183171205163446407695031459729934925743599087085148915735989515372694180823969555537727052003343338898771546356552042395854799846400900876652473782
