0001110010101010000001000011100100111101111110001010110101111011011000111011111010000010110100111001
00010101111101001101011100101101100111101010100100001110101011011111101011101010100110111111001110101011000
